// Jest Snapshot v1, https://goo.gl/fbAQLP

exports[`UI: Render correctly renders correctly 1`] = `
<div
  className="plan-body container"
>
  <div
    className="header"
  >
    <h2
      className="header__text"
    >
      Pricing Plans
    </h2>
    <h6
      className="header__sub-text"
    >
      Lorem ipsum dolor sit amet, consectetur adipiscing elit, sed do eiusmod tempor incididunt ut labore et dolore magna aliqua. Ut enim ad minim veniam, quis nostrud exercitation ullamco laboris nisi ut aliquip ex ea commodo consequat
    </h6>
  </div>
  <hr />
  <section
    className="pricing"
  >
    <div
      className="row m-auto text-center"
    >
      <div
        className="custom-card col-md-4 col-xs-12"
      >
        <h5
          className="custom-card__header-bronze"
        >
          Bronze
        </h5>
        <p
          className="custom-card__price"
        >
          10.000 FCFA
        </p>
        <p
          className="custom-card__body"
        >
          Lorem ipsum dolor sit amet, consectetur adipiscing elit
        </p>
        <ul
          class="list-unstyled mb-5 position-relative"
        >
          <li>
            <b>
              10
            </b>
             users included
          </li>
          <li>
            <b>
              2 GB
            </b>
             of storage
          </li>
          <li>
            <b>
              No 
            </b>
            Email support
          </li>
          <li>
            <b>
              No Help center access
            </b>
          </li>
        </ul>
        <button
          className="button bronze btn btn-secondary btn-block btn-lg"
          disabled={false}
          type="button"
        >
          Get Started
        </button>
      </div>
      <div
        className="custom-card--big col-md-4 col-xs-12"
      >
        <h5
          className="custom-card__header-gold"
        >
          Gold
        </h5>
        <p
          className="custom-card__price"
        >
          35.000 FCFA
        </p>
        <p
          className="custom-card__body"
        >
          Lorem ipsum dolor sit amet, consectetur adipiscing elit
        </p>
        <ul
          class="list-unstyled mb-5 position-relative"
        >
          <li>
            <b>
              1000
            </b>
             users included
          </li>
          <li>
            <b>
              20 GB
            </b>
             of storage
          </li>
          <li>
            <b>
              24/7 
            </b>
            Email support
          </li>
          <li>
            <b>
              Help center access
            </b>
          </li>
        </ul>
        <button
          className="button btn btn-primary btn-block btn-lg"
          disabled={false}
          type="button"
        >
          Get Started
        </button>
      </div>
      <div
        className="custom-card col-md-4 col-xs-12"
      >
        <h5
          className="custom-card__header-silver"
        >
          Silver
        </h5>
        <p
          className="custom-card__price"
        >
          20.000 FCFA
        </p>
        <p
          className="custom-card__body"
        >
          Lorem ipsum dolor sit amet, consectetur adipiscing elit
        </p>
        <ul
          className="list-unstyled position-relative mb-30"
        >
          <li>
            <b>
              100
            </b>
             users included
          </li>
          <li>
            <b>
              10 GB
            </b>
             of storage
          </li>
          <li>
            <b>
              6hours 
            </b>
            Email support
          </li>
          <li>
            <b>
              Limited Help center access
            </b>
          </li>
        </ul>
        <button
          className="button btn btn-secondary btn-block btn-lg"
          disabled={false}
          type="button"
        >
          Get Started
        </button>
      </div>
    </div>
  </section>
  <div
    className="info container"
  >
    <div>
      <p>
        Limited offer. Save 20% of Gold plans. Get coupon 
        <span
          className="offer"
        >
          here.
        </span>
      </p>
    </div>
  </div>
</div>
`;
